// Vitest Snapshot v1, https://vitest.dev/guide/snapshot.html

exports[`chat mode (integration) > ask mode omits codebase context and does not apply changes > chat-mode-ask-all-messages 1`] = `
"===
role: system
message: [[SYSTEM_MESSAGE]]

===
role: user
message: [dump] hi"
`;

exports[`chat mode (integration) > default build mode sends the curated agentic request > chat-mode-build-all-messages 1`] = `
"===
role: system
message: [[SYSTEM_MESSAGE]]

===
role: user
message: [dump] hi"
`;
